
rst:0x1 (POWERON_RESET),boot:0x13 (SPI_FAST_FLASH_BOOT)
configsip: ï¿½ets Jul 29 2019 12:21:46

rst:0x1 (POWERON_RESET),boot:0x13 (SPI_FAST_FLASH_BOOT)
configsip: 0, SPIWP:0xee
clk_drv:0x00,q_drv:0x00,d_drv:0x00,cs0_drv:0x00,hd_drv:0x00,wp_drv:0x00
mode:DIO, clock div:2
load:0x3fff0030,len:6276
load:0x40078000,len:15748
load:0x40080400,len:4
ho 8 tail 4 room 4
load:0x40080404,len:3860
entry 0x4008063c
[0;32mI (31) boot: ESP-IDF v5.4.1-dirty 2nd stage bootloader[0m
[0;32mI (31) boot: compile time Sep  1 2025 21:29:19[0m
[0;32mI (31) boot: Multicore bootloader[0m
[0;32mI (33) boot: chip revision: v3.1[0m
[0;32mI (36) boot.esp32: SPI Speed      : 40MHz[0m
[0;32mI (40) boot.esp32: SPI Mode       : DIO[0m
[0;32mI (43) boot.esp32: SPI Flash Size : 2MB[0m
[0;32mI (47) boot: Enabling RNG early entropy source...[0m
[0;32mI (51) boot: Partition Table:[0m
[0;32mI (54) boot: ## Label            Usage          Type ST Offset   Length[0m
[0;32mI (60) boot:  0 nvs              WiFi data        01 02 00009000 00006000[0m
[0;32mI (67) boot:  1 phy_init         RF data          01 01 0000f000 00001000[0m
[0;32mI (73) boot:  2 factory          factory app      00 00 00010000 00100000[0m
[0;32mI (80) boot: End of partition table[0m
[0;32mI (83) esp_image: segment 0: paddr=00010020 vaddr=3f400020 size=0af3ch ( 44860) map[0m
[0;32mI (106) esp_image: segment 1: paddr=0001af64 vaddr=3ff80000 size=0001ch (    28) load[0m
[0;32mI (106) esp_image: segment 2: paddr=0001af88 vaddr=3ffb0000 size=02334h (  9012) load[0m
[0;32mI (113) esp_image: segment 3: paddr=0001d2c4 vaddr=40080000 size=02d54h ( 11604) load[0m
[0;32mI (122) esp_image: segment 4: paddr=00020020 vaddr=400d0020 size=14c60h ( 85088) map[0m
[0;32mI (154) esp_image: segment 5: paddr=00034c88 vaddr=40082d54 size=0b0cch ( 45260) load[0m
[0;32mI (178) boot: Loaded app from partition at offset 0x10000[0m
[0;32mI (178) boot: Disabling RNG early entropy source...[0m
[0;32mI (189) cpu_start: Multicore app[0m
[0;32mI (197) cpu_start: Pro cpu start user code[0m
[0;32mI (197) cpu_start: cpu freq: 160000000 Hz[0m
[0;32mI (197) app_init: Application information:[0m
[0;32mI (197) app_init: Project name:     hello_world[0m
[0;32mI (201) app_init: App version:      1[0m
[0;32mI (205) app_init: Compile time:     Sep  1 2025 21:26:53[0m
[0;32mI (210) app_init: ELF file SHA256:  f22818b5e...[0m
[0;32mI (214) app_init: ESP-IDF:          v5.4.1-dirty[0m
[0;32mI (219) efuse_init: Min chip rev:     v0.0[0m
[0;32mI (222) efuse_init: Max chip rev:     v3.99 [0m
[0;32mI (226) efuse_init: Chip rev:         v3.1[0m
[0;32mI (230) heap_init: Initializing. RAM available for dynamic allocation:[0m
[0;32mI (237) heap_init: At 3FFAE6E0 len 00001920 (6 KiB): DRAM[0m
[0;32mI (242) heap_init: At 3FFB2C08 len 0002D3F8 (180 KiB): DRAM[0m
[0;32mI (247) heap_init: At 3FFE0440 len 00003AE0 (14 KiB): D/IRAM[0m
[0;32mI (252) heap_init: At 3FFE4350 len 0001BCB0 (111 KiB): D/IRAM[0m
[0;32mI (258) heap_init: At 4008DE20 len 000121E0 (72 KiB): IRAM[0m
[0;32mI (264) spi_flash: detected chip: generic[0m
[0;32mI (267) spi_flash: flash io: dio[0m
[0;33mW (270) spi_flash: Detected size(4096k) larger than the size in the binary image header(2048k). Using the size in the binary image header.[0m
[0;32mI (282) main_task: Started on CPU0[0m
[0;32mI (292) main_task: Calling app_main()[0m
[0;32mI (292) i2c-slave: Starting I2C slave at address 0x58[0m
[0;32mI (292) i2c-slave: I2C slave device created successfully[0m
[0;32mI (292) i2c-slave: Ready to receive I2C data...[0m
[0;33mW (5302) i2c-slave: Waiting for I2C data...[0m
[0;33mW (10302) i2c-slave: Waiting for I2C data...[0m
[0;33mW (15302) i2c-slave: Waiting for I2C data...[0m
[0;33mW (20302) i2c-slave: Waiting for I2C data...[0m
[0;32mI (21712) i2c-slave: === RECEIVED I2C DATA ===[0m
[0;32mI (21712) i2c-slave: 00 00 00 00 00 00 00 00 00 00 00 00 00 00 00 00[0m
[0;32mI (21712) i2c-slave: First few bytes analysis:[0m
[0;32mI (21712) i2c-slave: [0] = 0x00 (non-printable)[0m
[0;32mI (21712) i2c-slave: [1] = 0x00 (non-printable)[0m
[0;32mI (21722) i2c-slave: [2] = 0x00 (non-printable)[0m
[0;32mI (21722) i2c-slave: [3] = 0x00 (non-printable)[0m
[0;32mI (21732) i2c-slave: [4] = 0x00 (non-printable)[0m
[0;32mI (21732) i2c-slave: [5] = 0x00 (non-printable)[0m
[0;32mI (21732) i2c-slave: [6] = 0x00 (non-printable)[0m
[0;32mI (21742) i2c-slave: [7] = 0x00 (non-printable)[0m
[0;32mI (21742) i2c-slave: [8] = 0x00 (non-printable)[0m
[0;32mI (21752) i2c-slave: [9] = 0x00 (non-printable)[0m
[0;32mI (21752) i2c-slave: [10] = 0x00 (non-printable)[0m
[0;32mI (21762) i2c-slave: [11] = 0x00 (non-printable)[0m
[0;32mI (21762) i2c-slave: [12] = 0x00 (non-printable)[0m
[0;32mI (21762) i2c-slave: [13] = 0x00 (non-printable)[0m
[0;32mI (21772) i2c-slave: [14] = 0x00 (non-printable)[0m
[0;32mI (21772) i2c-slave: [15] = 0x00 (non-printable)[0m
[0;32mI (21782) i2c-slave: Printable chars: ''[0m
[0;33mW (26782) i2c-slave: Waiting for I2C data...[0m
[0;33mW (31782) i2c-slave: Waiting for I2C data...[0m
[0;33mW (36782) i2c-slave: Waiting for I2C data...[0m
[0;33mW (41782) i2c-slave: Waiting for I2C data...[0m
[0;33mW (46782) i2c-slave: Waiting for I2C data...[0m
[0;33mW (51782) i2c-slave: Waiting for I2C data...[0m
[0;33mW (56782) i2c-slave: Waiting for I2C data...[0m
[0;33mW (61782) i2c-slave: Waiting for I2C data...[0m
[0;33mW (66782) i2c-slave: Waiting for I2C data...[0m
[0;33mW (71782) i2c-slave: Waiting for I2C data...[0m
[0;33mW (76782) i2c-slave: Waiting for I2C data...[0m
[0;33mW (81782) i2c-slave: Waiting for I2C data...[0m
[0;33mW (86782) i2c-slave: Waiting for I2C data...[0m
[0;33mW (91782) i2c-slave: Waiting for I2C data...[0m
[0;33mW (96782) i2c-slave: Waiting for I2C data...[0m
[0;33mW (101782) i2c-slave: Waiting for I2C data...[0m
[0;33mW (106782) i2c-slave: Waiting for I2C data...[0m
[0;33mW (111782) i2c-slave: Waiting for I2C data...[0m
[0;33mW (116782) i2c-slave: Waiting for I2C data...[0m
[0;33mW (121782) i2c-slave: Waiting for I2C data...[0m
[0;33mW (126782) i2c-slave: Waiting for I2C data...[0m
[0;33mW (131782) i2c-slave: Waiting for I2C data...[0m
[0;33mW (136782) i2c-slave: Waiting for I2C data...[0m
[0;33mW (141782) i2c-slave: Waiting for I2C data...[0m
